AR mux behavioral C:/Users/Pineda/Desktop/Presentacion/Procesador/MUX.vhd sub00/vhpl13 1491313125
EN seu NULL C:/Users/Pineda/Desktop/Presentacion/Procesador/SEU.vhd sub00/vhpl10 1491313122
AR second behavioral C:/Users/Pineda/Desktop/Presentacion/Procesador/Second.vhd sub00/vhpl17 1491313129
AR sumador arq_sumador C:/Users/Pineda/Desktop/Presentacion/Procesador/Sumador.vhd sub00/vhpl03 1491313115
AR im behavioral C:/Users/Pineda/Desktop/Presentacion/Procesador/IM.vhd sub00/vhpl05 1491313117
EN im NULL C:/Users/Pineda/Desktop/Presentacion/Procesador/IM.vhd sub00/vhpl04 1491313116
AR seu behavioral C:/Users/Pineda/Desktop/Presentacion/Procesador/SEU.vhd sub00/vhpl11 1491313123
EN pc NULL C:/Users/Pineda/Desktop/Presentacion/Procesador/PC.vhd sub00/vhpl00 1491313112
AR uc behavioral C:/Users/Pineda/Desktop/Presentacion/Procesador/UC.vhd sub00/vhpl07 1491313119
EN uc NULL C:/Users/Pineda/Desktop/Presentacion/Procesador/UC.vhd sub00/vhpl06 1491313118
EN mux NULL C:/Users/Pineda/Desktop/Presentacion/Procesador/MUX.vhd sub00/vhpl12 1491313124
AR registerfile behavioral C:/Users/Pineda/Desktop/Presentacion/Procesador/RegisterFile.vhd sub00/vhpl09 1491313121
AR alu behavioral C:/Users/Pineda/Desktop/Presentacion/Procesador/ALU.vhd sub00/vhpl15 1491313127
AR pc behavioral C:/Users/Pineda/Desktop/Presentacion/Procesador/PC.vhd sub00/vhpl01 1491313113
EN sumador NULL C:/Users/Pineda/Desktop/Presentacion/Procesador/Sumador.vhd sub00/vhpl02 1491313114
EN registerfile NULL C:/Users/Pineda/Desktop/Presentacion/Procesador/RegisterFile.vhd sub00/vhpl08 1491313120
EN alu NULL C:/Users/Pineda/Desktop/Presentacion/Procesador/ALU.vhd sub00/vhpl14 1491313126
EN second NULL C:/Users/Pineda/Desktop/Presentacion/Procesador/Second.vhd sub00/vhpl16 1491313128
