V3 35
FL C:/Users/Pineda/Desktop/Presentacion/Procesador/ALU.vhd 2017/04/03.17:54:07 P.20131013
EN work/ALU 1491313126 FL C:/Users/Pineda/Desktop/Presentacion/Procesador/ALU.vhd \
      PB ieee/std_logic_1164 1381692176 PB ieee/std_logic_arith 1381692177 \
      PB ieee/STD_LOGIC_UNSIGNED 1381692179
AR work/ALU/Behavioral 1491313127 \
      FL C:/Users/Pineda/Desktop/Presentacion/Procesador/ALU.vhd EN work/ALU 1491313126
FL C:/Users/Pineda/Desktop/Presentacion/Procesador/IM.vhd 2017/04/04.08:00:43 P.20131013
EN work/IM 1491313116 FL C:/Users/Pineda/Desktop/Presentacion/Procesador/IM.vhd \
      PB ieee/std_logic_1164 1381692176 PB ieee/std_logic_arith 1381692177 \
      PB ieee/STD_LOGIC_UNSIGNED 1381692179 PB std/TEXTIO 1381692176
AR work/IM/Behavioral 1491313117 \
      FL C:/Users/Pineda/Desktop/Presentacion/Procesador/IM.vhd EN work/IM 1491313116
FL C:/Users/Pineda/Desktop/Presentacion/Procesador/MUX.vhd 2017/04/03.17:48:50 P.20131013
EN work/MUX 1491313124 FL C:/Users/Pineda/Desktop/Presentacion/Procesador/MUX.vhd \
      PB ieee/std_logic_1164 1381692176 PB ieee/std_logic_arith 1381692177 \
      PB ieee/STD_LOGIC_UNSIGNED 1381692179
AR work/MUX/Behavioral 1491313125 \
      FL C:/Users/Pineda/Desktop/Presentacion/Procesador/MUX.vhd EN work/MUX 1491313124
FL C:/Users/Pineda/Desktop/Presentacion/Procesador/PC.vhd 2017/04/03.17:48:53 P.20131013
EN work/PC 1491313112 FL C:/Users/Pineda/Desktop/Presentacion/Procesador/PC.vhd \
      PB ieee/std_logic_1164 1381692176 PB ieee/std_logic_arith 1381692177 \
      PB ieee/STD_LOGIC_UNSIGNED 1381692179
AR work/PC/Behavioral 1491313113 \
      FL C:/Users/Pineda/Desktop/Presentacion/Procesador/PC.vhd EN work/PC 1491313112
FL C:/Users/Pineda/Desktop/Presentacion/Procesador/RegisterFile.vhd 2017/04/03.17:48:54 P.20131013
EN work/RegisterFile 1491313120 \
      FL C:/Users/Pineda/Desktop/Presentacion/Procesador/RegisterFile.vhd \
      PB ieee/std_logic_1164 1381692176 PB ieee/std_logic_arith 1381692177 \
      PB ieee/STD_LOGIC_UNSIGNED 1381692179
AR work/RegisterFile/Behavioral 1491313121 \
      FL C:/Users/Pineda/Desktop/Presentacion/Procesador/RegisterFile.vhd \
      EN work/RegisterFile 1491313120
FL C:/Users/Pineda/Desktop/Presentacion/Procesador/Second.vhd 2017/04/03.18:13:20 P.20131013
EN work/Second 1491313128 \
      FL C:/Users/Pineda/Desktop/Presentacion/Procesador/Second.vhd \
      PB ieee/std_logic_1164 1381692176 PB ieee/std_logic_arith 1381692177 \
      PB ieee/STD_LOGIC_UNSIGNED 1381692179
AR work/Second/Behavioral 1491313129 \
      FL C:/Users/Pineda/Desktop/Presentacion/Procesador/Second.vhd \
      EN work/Second 1491313128 CP PC CP Sumador CP IM CP UC CP RegisterFile CP SEU \
      CP MUX CP ALU
FL C:/Users/Pineda/Desktop/Presentacion/Procesador/SEU.vhd 2017/04/03.17:48:55 P.20131013
EN work/SEU 1491313122 FL C:/Users/Pineda/Desktop/Presentacion/Procesador/SEU.vhd \
      PB ieee/std_logic_1164 1381692176 PB ieee/std_logic_arith 1381692177 \
      PB ieee/STD_LOGIC_UNSIGNED 1381692179
AR work/SEU/Behavioral 1491313123 \
      FL C:/Users/Pineda/Desktop/Presentacion/Procesador/SEU.vhd EN work/SEU 1491313122
FL C:/Users/Pineda/Desktop/Presentacion/Procesador/Sumador.vhd 2017/04/03.17:48:57 P.20131013
EN work/Sumador 1491313114 \
      FL C:/Users/Pineda/Desktop/Presentacion/Procesador/Sumador.vhd \
      PB ieee/std_logic_1164 1381692176 PB ieee/std_logic_arith 1381692177 \
      PB ieee/STD_LOGIC_UNSIGNED 1381692179
AR work/Sumador/arq_Sumador 1491313115 \
      FL C:/Users/Pineda/Desktop/Presentacion/Procesador/Sumador.vhd \
      EN work/Sumador 1491313114
FL C:/Users/Pineda/Desktop/Presentacion/Procesador/UC.vhd 2017/04/03.18:33:34 P.20131013
EN work/UC 1491313118 FL C:/Users/Pineda/Desktop/Presentacion/Procesador/UC.vhd \
      PB ieee/std_logic_1164 1381692176 PB ieee/std_logic_arith 1381692177 \
      PB ieee/STD_LOGIC_UNSIGNED 1381692179
AR work/UC/Behavioral 1491313119 \
      FL C:/Users/Pineda/Desktop/Presentacion/Procesador/UC.vhd EN work/UC 1491313118
